exports[`test should render the search view by default 1`] = `
<div
  className="App">
  <div
    className="App-header">
    <h2>
      Welcome to React
    </h2>
  </div>
  <section>
    <form>
      <label>
        Filter API
      </label>
      <input
        onInput={[Function]}
        value="" />
    </form>
    <ul
      className="d-flex List px-0" />
  </section>
</div>
`;
